// Jest Snapshot v1, https://goo.gl/fbAQLP

exports[`renders correctly 1`] = `
<button
  className="ui button sc-bdVaJa dxJhFo"
  onClick={[Function]}
>
  Menor Bolado
</button>
`;
