// Jest Snapshot v1, https://goo.gl/fbAQLP

exports[`FiltersForm renders correctly 1`] = `
<div>
  <div
    className="sc-htpNat icOVtr"
  >
    <button
      className="ui button"
      data-testid="open-filters"
      onClick={[Function]}
    >
      Abrir
    </button>
  </div>
</div>
`;
